25empty right
empty right
empty right
empty right
empty right
empty right
empty right
empty right
empty right
empty right
empty right
empty right
empty right
empty right
empty right
empty right
empty right
empty right
empty right
empty right
empty right
empty right
empty right
empty right
empty right
empty right
empty right
empty right
empty right
empty right
empty right
empty right
empty right
empty right
empty right
empty right
empty right
empty right
empty right
empty right
empty right
empty right
empty right
empty right
empty right
empty right
empty right
empty right
empty right
empty right
empty right
empty right
empty right
empty right
empty right
empty right
empty right
empty right
empty right
empty right
empty right
empty right
empty right
empty right
empty right
empty right
empty right
empty right
empty right
empty right
empty right
empty right
empty right
empty right
empty right
empty right
empty right
empty right
empty right
empty right
empty right
empty right
empty right
empty right
empty right
empty right
empty right
empty right
empty right
empty right
empty right
empty right
empty right
empty right
empty right
empty right
empty right
empty right
empty right
empty right
empty right
empty right
empty right
empty right
empty right
empty right
empty right
empty right
empty right
empty right
empty right
empty right
empty right
empty right
empty right
empty right
empty right
empty right
empty right
empty right
empty right
empty right
empty right
empty right
empty right
empty right
empty right
empty right
empty right
empty right
empty right
empty right
empty right
empty right
empty right
empty right
empty right
empty right
empty right
empty right
empty right
empty right
empty right
empty right
empty right
empty right
empty right
empty right
empty right
empty right
empty right
empty right
empty right
empty right
empty right
empty right
empty right
empty right
empty right
empty right
empty right
empty right
empty right
empty right
empty right
empty right
empty right
empty right
empty right
empty right
empty right
empty right
empty right
empty right
empty right
empty right
empty right
empty right
empty right
empty right
empty right
empty right
empty right
empty right
empty right
empty right
empty right
empty right
empty right
empty right
empty right
empty right
empty right
empty right
empty right
empty right
empty right
empty right
empty right
empty right
empty right
empty right
empty right
empty right
empty right
empty right
empty right
empty right
empty right
empty right
empty right
empty right
empty right
empty right
empty right
empty right
empty right
empty right
empty right
empty right
empty right
empty right
empty right
empty right
empty right
empty right
empty right
empty right
empty right
empty right
empty right
empty right
empty right
empty right
empty right
empty right
empty right
empty right
empty right
empty right
empty right
empty right
empty right
empty right
empty right
empty right
empty right
empty right
empty right
empty right
empty right
empty right
empty right
empty right
empty right
empty right
empty right
empty right
empty right
empty right
empty right
empty right
empty right
empty right
empty right
empty right
empty right
empty right
empty right
empty right
empty right
empty right
empty right
empty right
empty right
empty right
empty right
empty right
empty right
empty right
empty right
empty right
empty right
empty right
empty right
empty right
empty right
empty right
empty right
empty right
empty right
empty right
empty right
empty right
empty right
empty right
empty right
empty right
empty right
empty right
empty right
empty right
empty right
empty right
empty right
empty right
empty right
empty right
empty right
empty right
empty right
empty right
empty right
empty right
empty right
empty right
empty right
empty right
empty right
empty right
empty right
empty right
empty right
empty right
empty right
empty right
empty right
empty right
empty right
empty right
empty right
empty right
empty right
empty right
empty right
empty right
empty right
empty right
empty right
empty right
empty right
empty right
empty right
empty right
empty right
empty right
empty right
empty right
empty right
empty right
empty right
empty right
empty right
empty right
empty right
empty right
empty right
empty right
empty right
empty right
empty right
empty right
empty right
empty right
empty right
empty right
empty right
empty right
empty right
empty right
empty right
empty right
empty right
empty right
empty right
empty right
empty right
empty right
empty right
empty right
empty right
empty right
empty right
empty right
empty right
empty right
empty right
empty right
empty right
empty right
empty right
empty right
empty right
empty right
empty right
empty right
empty right
empty right
empty right
empty right
empty right
empty right
empty right
empty right
empty right
empty right
empty right
empty right
empty right
empty right
empty right
empty right
empty right
empty right
empty right
empty right
empty right
empty right
empty right
empty right
empty right
empty right
empty right
empty right
empty right
empty right
empty right
empty right
empty right
empty right
empty right
empty right
empty right
empty right
empty right
empty right
empty right
empty right
empty right
empty right
empty right
empty right
empty right
empty right
empty right
empty right
empty right
empty right
empty right
empty right
empty right
empty right
empty right
empty right
empty right
empty right
empty right
empty right
empty right
empty right
empty right
empty right
empty right
empty right
empty right
empty right
empty right
empty right
empty right
empty right
empty right
empty right
empty right
empty right
empty right
empty right
empty right
empty right
empty right
empty right
empty right
empty right
empty right
empty right
empty right
empty right
empty right
empty right
empty right
empty right
empty right
empty right
empty right
empty right
empty right
empty right
empty right
empty right
empty right
empty right
empty right
empty right
empty right
empty right
empty right
empty right
empty right
empty right
empty right
empty right
empty right
empty right
empty right
empty right
empty right
empty right
empty right
empty right
empty right
empty right
empty right
empty right
empty right
empty right
empty right
empty right
empty right
empty right
empty right
empty right
empty right
empty right
empty right
empty right
empty right
empty right
empty right
empty right
empty right
empty right
empty right
empty right
empty right
empty right
empty right
empty right
empty right
empty right
empty right
empty right
empty right
empty right
empty right
empty right
empty right
empty right
empty right
empty right
empty right
empty right
empty right
empty right
empty right
empty right
empty right
empty right
empty right
empty right
empty right
empty right
empty right
empty right
empty right
empty right
empty right
empty right
empty right
empty right
empty right
empty right
empty right
empty right
empty right
empty right
empty right
empty right
empty right
empty right
empty right
empty right
empty right
empty right
empty right
empty right
empty right
empty right
empty right
empty right
empty right
empty right
empty right
empty right
empty right
empty right
empty right
empty right
empty right
empty right
empty right
empty right
empty right
empty right
empty right
empty right
empty right
empty right
empty right
empty right
empty right
empty right
empty right
empty right
empty right
empty right
empty right
